---
source: tests/integration_test.rs
expression: "&sha256_digest"
---
AF557D8E8C9979142C6A623280CCFEC19F8164F8F47FCC37D8B40E974C2D16B8
