---
source: tests/integration_test.rs
assertion_line: 358
expression: "&sha256_digest"
snapshot_kind: text
---
7D564558F9576FACF4BF9188CCE0B2F8BD98C5E52A8456DE4F06378BEF11BE27
