---
source: tests/integration_test.rs
expression: "&sha256_digest"
---
3055FA30192D200E0E3DF2388C5B0BABC4B2C176A260272BC7C4881A7AFCA8A9
