---
source: tests/integration_test.rs
expression: "&sha256_digest"
---
527EDF97C692419EB721F525D20539730345AD1C8A92ED87C51C0ED243AC4BF7
