---
source: tests/integration_test.rs
expression: "&sha256_digest"
---
1A55922F48067A0C69259AB7096D67009396C70B359733086BCDAC192A2F7990
