---
source: tests/integration_test.rs
expression: "&sha256_digest"
---
E9FADE1B0841EAD66551BC2DD3639B2DEB01019BB91FAD0BEDD8B3B90419028A
