---
source: tests/integration_test.rs
expression: "&sha256_digest"
---
25D0FADC22110840728E3BB1F0891F20D9C5CC39F8FC316F9384419121080E24
