---
source: tests/integration_test.rs
expression: "&sha256_digest"
---
56E6B147EAAFF5890ED1B3AE1D042AD3232EE919D5071737E1EA6799FC3738F7
