---
source: tests/integration_test.rs
expression: "&sha256_digest"
---
33662884A342DF792DC4331F4E620966B21055D5BE0F8824DB1BF36781281B83
