---
source: tests/integration_test.rs
expression: "&sha256_digest"
---
8C6C9A87E63FDDEA2D2659BEEB003F5E6922C4051D283E60C3805C6FDD940EB1
