---
source: tests/integration_test.rs
expression: "&sha256_digest"
---
3D860C452237496E9A74419FCBC534AA4D3CDE974142BA0C122670808F887464
