---
source: tests/integration_test.rs
expression: "&sha256_digest"
---
E74C781A9558A38EC306910EABE48FF94C1DE8D74054E82399B030E737E29618
