---
source: tests/integration_test.rs
expression: "&sha256_digest"
---
4B72D6EF6568F8EBEC7881B0C80AE5F47ECEF278C6B9B9839F4CBDE29CB6549B
