---
source: tests/integration_test.rs
expression: "&sha256_digest"
---
E25EE85537BCF6EBF2102847B7CD6B81465EBC164C3A6CA9B7D6FD66D85E4B05
