---
source: tests/integration_test.rs
expression: "&sha256_digest"
---
2219703BF26EE71D5F722E4BEE083B96F087D4325BDB6E157622C092CBC59B24
