---
source: tests/integration_test.rs
expression: "&sha256_digest"
---
2462739F029BB525B7E30FC78A445FEFBD8CB307BAB0459AE64E8A9693E63382
