---
source: tests/integration_test.rs
expression: "&sha256_digest"
---
3E2230A8F86D5DDE424B57E8383DD24983A416507C43747F2DDCC1C30D27CBA2
