---
source: tests/integration_test.rs
expression: "&sha256_digest"
---
367A367B587A16F2F689E0A08C6C41607B6F00886C83ACDD7A93D665B8507735
