---
source: tests/integration_test.rs
assertion_line: 341
expression: "&sha256_digest"
---
6DCC430611BBC3172CCFC3D3A28D36BF5DED2E6BA489C7062D4D4B730B232613
