---
source: tests/integration_test.rs
expression: "&sha256_digest"
---
5E7E1BBF23BC00FF405B68C7FE22F2D1FE10223040DC2278C6B3B7435EE784D7
