---
source: tests/integration_test.rs
expression: "&sha256_digest"
---
CAC20C88A56B068BC97DDBF4BAC45296A2364CF07D866D86DCC7AAAD8CB04CCA
